Copyright 1986-2017 Xilinx, Inc. All Rights Reserved.
------------------------------------------------------------------------------------------------
| Tool Version : Vivado v.2017.2 (win64) Build 1909853 Thu Jun 15 18:39:09 MDT 2017
| Date         : Wed Dec 19 17:19:55 2018
| Host         : Centropy running 64-bit major release  (build 9200)
| Command      : report_control_sets -verbose -file GenerationGenerator_control_sets_placed.rpt
| Design       : GenerationGenerator
| Device       : xc7z010
------------------------------------------------------------------------------------------------

Control Set Information

Table of Contents
-----------------
1. Summary
2. Flip-Flop Distribution
3. Detailed Control Set Information

1. Summary
----------

+----------------------------------------------------------+-------+
|                          Status                          | Count |
+----------------------------------------------------------+-------+
| Number of unique control sets                            |    17 |
| Unused register locations in slices containing registers |    11 |
+----------------------------------------------------------+-------+


2. Flip-Flop Distribution
-------------------------

+--------------+-----------------------+------------------------+-----------------+--------------+
| Clock Enable | Synchronous Set/Reset | Asynchronous Set/Reset | Total Registers | Total Slices |
+--------------+-----------------------+------------------------+-----------------+--------------+
| No           | No                    | No                     |               1 |            1 |
| No           | No                    | Yes                    |               0 |            0 |
| No           | Yes                   | No                     |              16 |           10 |
| Yes          | No                    | No                     |             590 |          165 |
| Yes          | No                    | Yes                    |               0 |            0 |
| Yes          | Yes                   | No                     |              14 |            3 |
+--------------+-----------------------+------------------------+-----------------+--------------+


3. Detailed Control Set Information
-----------------------------------

+--------------+---------------------------------------------------------------------+--------------------------------------------------------------------+------------------+----------------+
| Clock Signal |                            Enable Signal                            |                          Set/Reset Signal                          | Slice Load Count | Bel Load Count |
+--------------+---------------------------------------------------------------------+--------------------------------------------------------------------+------------------+----------------+
|  clk         |                                                                     |                                                                    |                1 |              1 |
|  clk         | grp_GenerationGenerator_generateGeneration_fu_114/ap_CS_fsm_state10 |                                                                    |                1 |              7 |
|  clk         | grp_GenerationGenerator_generateGeneration_fu_114/ap_CS_fsm_state11 | grp_GenerationGenerator_generateGeneration_fu_114/ap_CS_fsm_state9 |                1 |              7 |
|  clk         | grp_GenerationGenerator_generateGeneration_fu_114/ap_CS_fsm_state7  |                                                                    |                2 |              7 |
|  clk         | grp_GenerationGenerator_generateGeneration_fu_114/ap_CS_fsm_state8  | grp_GenerationGenerator_generateGeneration_fu_114/j_reg_239_0      |                2 |              7 |
|  clk         |                                                                     | grp_GenerationGenerator_generateGeneration_fu_114/SR[0]            |               10 |             16 |
|  clk         | grp_GenerationGenerator_produceRandom_fu_144/ap_CS_fsm_state2       |                                                                    |                4 |             24 |
|  clk         | grp_GenerationGenerator_produceRandom_fu_144/Q[0]                   |                                                                    |                6 |             24 |
|  clk         | grp_GenerationGenerator_generateGeneration_fu_114/E[0]              |                                                                    |                9 |             24 |
|  clk         | grp_GenerationGenerator_generateGeneration_fu_114/ap_NS_fsm[10]     |                                                                    |                5 |             24 |
|  clk         | grp_GenerationGenerator_generateGeneration_fu_114/ap_CS_fsm_state5  |                                                                    |               11 |             48 |
|  clk         | grp_GenerationGenerator_generateGeneration_fu_114/ap_CS_fsm_state3  |                                                                    |               17 |             64 |
|  clk         | grp_GenerationGenerator_generateGeneration_fu_114/ap_CS_fsm_state4  |                                                                    |               15 |             64 |
|  clk         | grp_GenerationGenerator_generateGeneration_fu_114/Q[0]              |                                                                    |               16 |             64 |
|  clk         | grp_GenerationGenerator_generateGeneration_fu_114/Q[1]              |                                                                    |               17 |             64 |
|  clk         | grp_GenerationGenerator_generateGeneration_fu_114/v_V_1_reg_261     |                                                                    |               28 |             88 |
|  clk         | grp_GenerationGenerator_generateGeneration_fu_114/ap_NS_fsm[6]      |                                                                    |               34 |             88 |
+--------------+---------------------------------------------------------------------+--------------------------------------------------------------------+------------------+----------------+


+--------+-----------------------+
| Fanout | Number of ControlSets |
+--------+-----------------------+
| 1      |                     1 |
| 7      |                     4 |
| 16+    |                    12 |
+--------+-----------------------+


