#-----------------------------------------------------------
# Vivado v2017.2 (64-bit)
# SW Build 1909853 on Thu Jun 15 18:39:09 MDT 2017
# IP Build 1909766 on Thu Jun 15 19:58:00 MDT 2017
# Start of session at: Tue Dec 18 10:57:53 2018
# Process ID: 36216
# Current directory: C:/Users/cml/Desktop/EmbededProject/Vivado/GeneticAlgoVivado
# Command line: vivado.exe -gui_launcher_event rodinguilauncherevent34772 C:\Users\cml\Desktop\EmbededProject\Vivado\GeneticAlgoVivado\GeneticAlgoVivado.xpr
# Log file: C:/Users/cml/Desktop/EmbededProject/Vivado/GeneticAlgoVivado/vivado.log
# Journal file: C:/Users/cml/Desktop/EmbededProject/Vivado/GeneticAlgoVivado\vivado.jou
#-----------------------------------------------------------
start_gui
open_project C:/Users/cml/Desktop/EmbededProject/Vivado/GeneticAlgoVivado/GeneticAlgoVivado.xpr
update_compile_order -fileset sources_1
open_bd_design {C:/Users/cml/Desktop/EmbededProject/Vivado/GeneticAlgoVivado/GeneticAlgoVivado.srcs/sources_1/bd/design_1/design_1.bd}
reset_run synth_2
launch_runs impl_2 -to_step write_bitstream -jobs 4
wait_on_run impl_2
