Report time       : Wed Dec 12 15:42:03 RST 2018.

+----------+----------+-----------------------------------------------+-----------------------------------------------+
|          |          |                    Latency                    |                    Interval                   |
+   RTL    +  Status  +-----------------------------------------------+-----------------------------------------------+
|          |          |      min      |      avg      |      max      |      min      |      avg      |      max      |
+----------+----------+-----------------------------------------------+-----------------------------------------------+
|      VHDL|        NA|             NA|             NA|             NA|             NA|             NA|             NA|
|   Verilog|      Fail|             NA|             NA|             NA|             NA|             NA|             NA|
+----------+----------+-----------------------------------------------+-----------------------------------------------+
