

================================================================
== Vivado HLS Report for 'RosenbrockSimulator_simulateRosenbrock'
================================================================
* Date:           Thu Dec 20 10:37:38 2018

* Version:        2017.2 (Build 1909853 on Thu Jun 15 18:55:24 MDT 2017)
* Project:        GeneticAlgoHlsRosenbrock
* Solution:       solution1
* Product family: zynq
* Target device:  xc7z010clg400-1


================================================================
== Performance Estimates
================================================================
+ Timing (ns): 
    * Summary: 
    +--------+-------+----------+------------+
    |  Clock | Target| Estimated| Uncertainty|
    +--------+-------+----------+------------+
    |ap_clk  |  20.00|     17.25|        2.50|
    +--------+-------+----------+------------+

+ Latency (clock cycles): 
    * Summary: 
    +-----+-----+-----+-----+---------+
    |  Latency  |  Interval | Pipeline|
    | min | max | min | max |   Type  |
    +-----+-----+-----+-----+---------+
    |   46|   95|   46|   95|   none  |
    +-----+-----+-----+-----+---------+

    + Detail: 
        * Instance: 
        N/A

        * Loop: 
        +----------+-----+-----+----------+-----------+-----------+------+----------+
        |          |  Latency  | Iteration|  Initiation Interval  | Trip |          |
        | Loop Name| min | max |  Latency |  achieved |   target  | Count| Pipelined|
        +----------+-----+-----+----------+-----------+-----------+------+----------+
        |- Loop 1  |   45|   94|  45 ~ 94 |          -|          -|  inf |    no    |
        +----------+-----+-----+----------+-----------+-----------+------+----------+



================================================================
== Utilization Estimates
================================================================
* Summary: 
+-----------------+---------+-------+-------+-------+
|       Name      | BRAM_18K| DSP48E|   FF  |  LUT  |
+-----------------+---------+-------+-------+-------+
|DSP              |        -|      3|      -|      -|
|Expression       |        -|    573|  27406|  19782|
|FIFO             |        -|      -|      -|      -|
|Instance         |        -|     16|   1032|   2229|
|Memory           |       30|      -|      6|      6|
|Multiplexer      |        -|      -|      -|    901|
|Register         |        -|      -|  11511|      -|
+-----------------+---------+-------+-------+-------+
|Total            |       30|    592|  39955|  22918|
+-----------------+---------+-------+-------+-------+
|Available        |      120|     80|  35200|  17600|
+-----------------+---------+-------+-------+-------+
|Utilization (%)  |       25|    740|    113|    130|
+-----------------+---------+-------+-------+-------+

+ Detail: 
    * Instance: 
    +-------------------------+----------------------+---------+-------+-----+------+
    |         Instance        |        Module        | BRAM_18K| DSP48E|  FF |  LUT |
    +-------------------------+----------------------+---------+-------+-----+------+
    |RosenbrockSimulatncg_U0  |RosenbrockSimulatncg  |        0|      2|  227|   403|
    |RosenbrockSimulatocq_U1  |RosenbrockSimulatocq  |        0|      0|  100|   138|
    |RosenbrockSimulatpcA_U2  |RosenbrockSimulatpcA  |        0|      3|  430|  1130|
    |RosenbrockSimulatqcK_U3  |RosenbrockSimulatqcK  |        0|     11|  275|   558|
    +-------------------------+----------------------+---------+-------+-----+------+
    |Total                    |                      |        0|     16| 1032|  2229|
    +-------------------------+----------------------+---------+-------+-----+------+

    * DSP48: 
    +-------------------------+----------------------+--------------+
    |         Instance        |        Module        |  Expression  |
    +-------------------------+----------------------+--------------+
    |RosenbrockSimulatrcU_U4  |RosenbrockSimulatrcU  | i0 + i1 * i2 |
    |RosenbrockSimulatrcU_U5  |RosenbrockSimulatrcU  | i0 * i1 + i2 |
    |RosenbrockSimulatrcU_U6  |RosenbrockSimulatrcU  | i0 + i1 * i2 |
    +-------------------------+----------------------+--------------+

    * Memory: 
    +------------------------+----------------------+---------+---+----+------+-----+------+-------------+
    |         Memory         |        Module        | BRAM_18K| FF| LUT| Words| Bits| Banks| W*Bits*Banks|
    +------------------------+----------------------+---------+---+----+------+-----+------+-------------+
    |hls_pow_reduce_an_20_U  |RosenbrockSimulatbkb  |        0|  6|   6|    64|    6|     1|          384|
    |hls_pow_reduce_an_19_U  |RosenbrockSimulatcud  |        4|  0|   0|    64|  109|     1|         6976|
    |hls_pow_reduce_an_16_U  |RosenbrockSimulatdEe  |        3|  0|   0|    16|  105|     1|         1680|
    |hls_pow_reduce_an_17_U  |RosenbrockSimulateOg  |        3|  0|   0|    64|  102|     1|         6528|
    |hls_pow_reduce_an_9_U   |RosenbrockSimulatfYi  |        3|  0|   0|    64|   97|     1|         6208|
    |hls_pow_reduce_an_12_U  |RosenbrockSimulatg8j  |        3|  0|   0|    64|   92|     1|         5888|
    |hls_pow_reduce_an_13_U  |RosenbrockSimulathbi  |        3|  0|   0|    64|   87|     1|         5568|
    |hls_pow_reduce_an_14_U  |RosenbrockSimulatibs  |        3|  0|   0|    64|   82|     1|         5248|
    |hls_pow_reduce_an_15_U  |RosenbrockSimulatjbC  |        3|  0|   0|    64|   77|     1|         4928|
    |hls_pow_reduce_an_18_U  |RosenbrockSimulatkbM  |        2|  0|   0|   256|   58|     1|        14848|
    |hls_pow_reduce_an_U     |RosenbrockSimulatlbW  |        1|  0|   0|   256|   26|     1|         6656|
    |hls_pow_reduce_an_21_U  |RosenbrockSimulatmb6  |        2|  0|   0|   256|   42|     1|        10752|
    +------------------------+----------------------+---------+---+----+------+-----+------+-------------+
    |Total                   |                      |       30|  6|   6|  1296|  883|    12|        75664|
    +------------------------+----------------------+---------+---+----+------+-----+------+-------------+

    * FIFO: 
    N/A

    * Expression: 
    +-------------------------------+----------+-------+-----+-----+------------+------------+
    |         Variable Name         | Operation| DSP48E|  FF | LUT | Bitwidth P0| Bitwidth P1|
    +-------------------------------+----------+-------+-----+-----+------------+------------+
    |p_Val2_101_fu_3057_p2          |     *    |     16|    0|  177|           6|          83|
    |p_Val2_109_fu_3147_p2          |     *    |     16|    0|  177|           6|          92|
    |p_Val2_115_fu_3237_p2          |     *    |     16|    0|  177|           6|          87|
    |p_Val2_121_fu_3327_p2          |     *    |     16|    0|  177|           6|          82|
    |p_Val2_127_fu_3466_p2          |     *    |     16|    0|  177|           6|          77|
    |p_Val2_12_fu_1421_p2           |     *    |     16|    0|  177|          73|           6|
    |p_Val2_135_fu_3902_p2          |     *    |     16|    0|  177|          71|          13|
    |p_Val2_141_fu_4012_p2          |     *    |      9|    0|   77|          36|          43|
    |p_Val2_143_fu_4073_p2          |     *    |      9|    0|   83|          44|          49|
    |p_Val2_146_fu_4150_p2          |     *    |      9|    0|   85|          50|          50|
    |p_Val2_148_fu_4685_p2          |     *    |     15|    0|  165|          54|           6|
    |p_Val2_153_fu_4781_p2          |     *    |     16|    0|  177|          71|           4|
    |p_Val2_160_fu_4863_p2          |     *    |     16|    0|  177|          73|           6|
    |p_Val2_166_fu_4951_p2          |     *    |     16|    0|  177|          83|           6|
    |p_Val2_172_fu_5041_p2          |     *    |     16|    0|  177|          92|           6|
    |p_Val2_179_fu_5131_p2          |     *    |     16|    0|  177|          87|           6|
    |p_Val2_187_fu_5221_p2          |     *    |     16|    0|  177|          82|           6|
    |p_Val2_195_fu_5340_p2          |     *    |     16|    0|  177|          77|           6|
    |p_Val2_1_fu_1243_p2            |     *    |     15|    0|  165|          54|           6|
    |p_Val2_204_fu_5741_p2          |     *    |     16|    0|  177|          71|          13|
    |p_Val2_211_fu_5851_p2          |     *    |      9|    0|   77|          43|          36|
    |p_Val2_214_fu_5912_p2          |     *    |      9|    0|   83|          49|          44|
    |p_Val2_217_fu_5979_p2          |     *    |      9|    0|   85|          50|          50|
    |p_Val2_21_fu_1509_p2           |     *    |     16|    0|  177|          83|           6|
    |p_Val2_231_fu_3531_p2          |     *    |     16|    0|  177|          79|          12|
    |p_Val2_287_fu_5359_p2          |     *    |     16|    0|  177|          79|          12|
    |p_Val2_28_fu_1599_p2           |     *    |     16|    0|  177|          92|           6|
    |p_Val2_35_fu_1689_p2           |     *    |     16|    0|  177|          87|           6|
    |p_Val2_42_fu_1779_p2           |     *    |     16|    0|  177|          82|           6|
    |p_Val2_49_fu_1898_p2           |     *    |     16|    0|  177|          77|           6|
    |p_Val2_4_fu_1339_p2            |     *    |     16|    0|  177|          71|           4|
    |p_Val2_58_fu_2299_p2           |     *    |     16|    0|  177|          71|          13|
    |p_Val2_63_fu_1917_p2           |     *    |     16|    0|  177|          79|          12|
    |p_Val2_66_fu_2409_p2           |     *    |      9|    0|   77|          43|          36|
    |p_Val2_71_fu_2470_p2           |     *    |      9|    0|   83|          49|          44|
    |p_Val2_75_fu_2537_p2           |     *    |      9|    0|   85|          50|          50|
    |p_Val2_81_fu_2791_p2           |     *    |     15|    0|  165|           6|          54|
    |p_Val2_87_fu_2887_p2           |     *    |     16|    0|  177|           4|          71|
    |p_Val2_94_fu_2969_p2           |     *    |     16|    0|  177|           6|          73|
    |r_V_11_fu_2049_p2              |     *    |      5|    0|   79|          40|          40|
    |r_V_14_fu_3663_p2              |     *    |      5|    0|   79|          40|          40|
    |r_V_17_fu_5491_p2              |     *    |      5|    0|   79|          40|          40|
    |b_exp_1_fu_1835_p2             |     +    |      0|   41|   17|          11|          12|
    |b_exp_2_fu_3386_p2             |     +    |      0|   41|   17|          11|          12|
    |b_exp_3_fu_3402_p2             |     +    |      0|   41|   17|          11|          12|
    |b_exp_4_fu_4499_p2             |     +    |      0|   41|   17|          11|          12|
    |b_exp_5_fu_5277_p2             |     +    |      0|   41|   17|          11|          12|
    |b_exp_fu_1065_p2               |     +    |      0|   41|   17|          11|          12|
    |out_exp_V_1_fu_4285_p2         |     +    |      0|   38|   16|          10|          11|
    |out_exp_V_2_fu_6108_p2         |     +    |      0|   38|   16|          10|          11|
    |out_exp_V_fu_2666_p2           |     +    |      0|   38|   16|          10|          11|
    |p_Val2_100_fu_3039_p2          |     +    |      0|  311|  107|         102|         102|
    |p_Val2_108_fu_3135_p2          |     +    |      0|  368|  126|         121|         121|
    |p_Val2_10_fu_1409_p2           |     +    |      0|  251|   87|          82|          82|
    |p_Val2_114_fu_3225_p2          |     +    |      0|  383|  131|         126|         126|
    |p_Val2_120_fu_3315_p2          |     +    |      0|  398|  136|         131|         131|
    |p_Val2_122_cast1_fu_2149_p2    |     +    |      0|  365|  125|         120|         120|
    |p_Val2_122_cast_fu_2155_p2     |     +    |      0|  368|  126|         121|         121|
    |p_Val2_126_fu_3454_p2          |     +    |      0|  413|  141|         136|         136|
    |p_Val2_129_fu_3633_p2          |     +    |      0|    0|  109|         109|         109|
    |p_Val2_142_fu_4047_p2          |     +    |      0|  137|   49|          44|          44|
    |p_Val2_144_fu_4116_p2          |     +    |      0|  161|   57|          52|          52|
    |p_Val2_145_fu_4136_p2          |     +    |      0|  182|   64|           5|          59|
    |p_Val2_147_fu_4205_p2          |     +    |      0|  329|  113|         108|         108|
    |p_Val2_152_fu_4768_p2          |     +    |      0|  236|   82|          77|          77|
    |p_Val2_159_fu_4851_p2          |     +    |      0|  251|   87|          82|          82|
    |p_Val2_165_fu_4933_p2          |     +    |      0|  311|  107|         102|         102|
    |p_Val2_171_fu_5029_p2          |     +    |      0|  368|  126|         121|         121|
    |p_Val2_178_fu_5119_p2          |     +    |      0|  383|  131|         126|         126|
    |p_Val2_17_fu_1491_p2           |     +    |      0|  311|  107|         102|         102|
    |p_Val2_186_fu_5209_p2          |     +    |      0|  398|  136|         131|         131|
    |p_Val2_194_fu_5328_p2          |     +    |      0|  413|  141|         136|         136|
    |p_Val2_197_fu_5461_p2          |     +    |      0|    0|  109|         109|         109|
    |p_Val2_213_fu_5886_p2          |     +    |      0|  137|   49|          44|          44|
    |p_Val2_215_fu_5955_p2          |     +    |      0|  161|   57|          52|          52|
    |p_Val2_216_fu_5988_p2          |     +    |      0|  182|   64|           5|          59|
    |p_Val2_218_fu_6005_p2          |     +    |      0|  329|  113|         108|         108|
    |p_Val2_235_fu_3727_p2          |     +    |      0|  371|  127|         122|         122|
    |p_Val2_239_fu_3767_p2          |     +    |      0|  374|  128|         123|         123|
    |p_Val2_27_fu_1587_p2           |     +    |      0|  368|  126|         121|         121|
    |p_Val2_288_fu_5559_p2          |     +    |      0|  371|  127|         122|         122|
    |p_Val2_289_fu_5585_p2          |     +    |      0|  374|  128|         123|         123|
    |p_Val2_342_cast_fu_3741_p2     |     +    |      0|  365|  125|         120|         120|
    |p_Val2_34_fu_1677_p2           |     +    |      0|  383|  131|         126|         126|
    |p_Val2_381_cast1_fu_5591_p2    |     +    |      0|  365|  125|         120|         120|
    |p_Val2_381_cast_fu_5597_p2     |     +    |      0|  368|  126|         121|         121|
    |p_Val2_41_fu_1767_p2           |     +    |      0|  398|  136|         131|         131|
    |p_Val2_48_fu_1886_p2           |     +    |      0|  413|  141|         136|         136|
    |p_Val2_51_fu_2019_p2           |     +    |      0|    0|  109|         109|         109|
    |p_Val2_67_fu_2117_p2           |     +    |      0|  371|  127|         122|         122|
    |p_Val2_68_fu_2143_p2           |     +    |      0|  374|  128|         123|         123|
    |p_Val2_70_fu_2444_p2           |     +    |      0|  137|   49|          44|          44|
    |p_Val2_72_fu_2513_p2           |     +    |      0|  161|   57|          52|          52|
    |p_Val2_73_fu_2546_p2           |     +    |      0|  182|   64|           5|          59|
    |p_Val2_76_fu_2563_p2           |     +    |      0|  329|  113|         108|         108|
    |p_Val2_85_fu_2874_p2           |     +    |      0|  236|   82|          77|          77|
    |p_Val2_93_fu_2957_p2           |     +    |      0|  251|   87|          82|          82|
    |p_Val2_9_fu_1326_p2            |     +    |      0|  236|   82|          77|          77|
    |r_V_13_fu_2383_p2              |     +    |      0|  113|   41|          36|          36|
    |r_V_16_fu_3986_p2              |     +    |      0|  113|   41|          36|          36|
    |r_V_19_fu_5825_p2              |     +    |      0|  113|   41|          36|          36|
    |r_exp_V_2_fu_4219_p2           |     +    |      0|   44|   18|           2|          13|
    |r_exp_V_4_fu_6047_p2           |     +    |      0|   44|   18|           2|          13|
    |r_exp_V_fu_2605_p2             |     +    |      0|   44|   18|           2|          13|
    |ret_V_1_fu_5716_p2             |     +    |      0|   44|   18|           1|          13|
    |ret_V_9_fu_2274_p2             |     +    |      0|   44|   18|           1|          13|
    |ret_V_s_fu_3867_p2             |     +    |      0|   44|   18|           1|          13|
    |sh_assign_fu_6178_p2           |     +    |      0|   41|   17|          11|          12|
    |tmp20_fu_1971_p2               |     +    |      0|  332|  114|         109|         109|
    |tmp21_fu_1977_p2               |     +    |      0|  314|  108|         103|         103|
    |tmp22_fu_1987_p2               |     +    |      0|    0|  109|         109|         109|
    |tmp23_fu_1993_p2               |     +    |      0|    0|  109|          93|          93|
    |tmp24_fu_1999_p2               |     +    |      0|  254|   88|          83|          83|
    |tmp25_fu_2009_p2               |     +    |      0|    0|  109|          93|          93|
    |tmp60_fu_2435_p2               |     +    |      0|  113|   41|          36|          36|
    |tmp61_fu_2490_p2               |     +    |      0|  137|   49|          44|          44|
    |tmp62_fu_3601_p2               |     +    |      0|    0|  109|         109|         109|
    |tmp63_fu_3585_p2               |     +    |      0|  332|  114|         109|         109|
    |tmp64_fu_3591_p2               |     +    |      0|  314|  108|         103|         103|
    |tmp65_fu_3623_p2               |     +    |      0|    0|  109|          93|          93|
    |tmp66_fu_3607_p2               |     +    |      0|    0|  109|          93|          93|
    |tmp67_fu_3613_p2               |     +    |      0|  254|   88|          83|          83|
    |tmp68_fu_4038_p2               |     +    |      0|  113|   41|          36|          36|
    |tmp69_fu_4093_p2               |     +    |      0|  137|   49|          44|          44|
    |tmp71_fu_5429_p2               |     +    |      0|    0|  109|         109|         109|
    |tmp72_fu_5413_p2               |     +    |      0|  332|  114|         109|         109|
    |tmp73_fu_5419_p2               |     +    |      0|  314|  108|         103|         103|
    |tmp74_fu_5451_p2               |     +    |      0|    0|  109|          93|          93|
    |tmp75_fu_5435_p2               |     +    |      0|    0|  109|          93|          93|
    |tmp76_fu_5441_p2               |     +    |      0|  254|   88|          83|          83|
    |tmp77_fu_5877_p2               |     +    |      0|  113|   41|          36|          36|
    |tmp78_fu_5932_p2               |     +    |      0|  137|   49|          44|          44|
    |p_Val2_102_fu_3077_p2          |     -    |      0|  314|  108|         103|         103|
    |p_Val2_110_fu_3167_p2          |     -    |      0|  371|  127|         122|         122|
    |p_Val2_116_fu_3257_p2          |     -    |      0|  386|  132|         127|         127|
    |p_Val2_122_fu_3347_p2          |     -    |      0|  401|  137|         132|         132|
    |p_Val2_128_fu_3575_p2          |     -    |      0|  416|  142|         137|         137|
    |p_Val2_130_fu_3696_p2          |     -    |      0|  359|  123|         118|         118|
    |p_Val2_137_fu_3924_p2          |     -    |      0|  221|   77|          72|          72|
    |p_Val2_13_fu_1441_p2           |     -    |      0|  254|   88|          83|          83|
    |p_Val2_155_fu_4793_p2          |     -    |      0|  239|   83|          78|          78|
    |p_Val2_162_fu_4883_p2          |     -    |      0|  254|   88|          83|          83|
    |p_Val2_167_fu_4971_p2          |     -    |      0|  314|  108|         103|         103|
    |p_Val2_173_fu_5061_p2          |     -    |      0|  371|  127|         122|         122|
    |p_Val2_182_fu_5151_p2          |     -    |      0|  386|  132|         127|         127|
    |p_Val2_188_fu_5241_p2          |     -    |      0|  401|  137|         132|         132|
    |p_Val2_196_fu_5403_p2          |     -    |      0|  416|  142|         137|         137|
    |p_Val2_199_fu_5524_p2          |     -    |      0|  359|  123|         118|         118|
    |p_Val2_207_fu_5763_p2          |     -    |      0|  221|   77|          72|          72|
    |p_Val2_22_fu_1529_p2           |     -    |      0|  314|  108|         103|         103|
    |p_Val2_29_fu_1619_p2           |     -    |      0|  371|  127|         122|         122|
    |p_Val2_36_fu_1709_p2           |     -    |      0|  386|  132|         127|         127|
    |p_Val2_43_fu_1799_p2           |     -    |      0|  401|  137|         132|         132|
    |p_Val2_50_fu_1961_p2           |     -    |      0|  416|  142|         137|         137|
    |p_Val2_52_fu_2082_p2           |     -    |      0|  359|  123|         118|         118|
    |p_Val2_5_fu_1351_p2            |     -    |      0|  239|   83|          78|          78|
    |p_Val2_61_fu_2321_p2           |     -    |      0|  221|   77|          72|          72|
    |p_Val2_88_fu_2899_p2           |     -    |      0|  239|   83|          78|          78|
    |p_Val2_97_fu_2989_p2           |     -    |      0|  254|   88|          83|          83|
    |tmp_307_fu_6192_p2             |     -    |      0|   38|   16|          10|          11|
    |sel_tmp10_fu_4367_p2           |    and   |      0|    0|    2|           1|           1|
    |sel_tmp11_fu_4373_p2           |    and   |      0|    0|    2|           1|           1|
    |sel_tmp13_fu_4396_p2           |    and   |      0|    0|    2|           1|           1|
    |sel_tmp15_fu_4449_p2           |    and   |      0|    0|    2|           1|           1|
    |sel_tmp2_fu_4339_p2            |    and   |      0|    0|    2|           1|           1|
    |sel_tmp4_fu_4350_p2            |    and   |      0|    0|    2|           1|           1|
    |sel_tmp6_fu_4356_p2            |    and   |      0|    0|    2|           1|           1|
    |sel_tmp8_fu_4319_p2            |    and   |      0|    0|    2|           1|           1|
    |tmp70_fu_4390_p2               |    and   |      0|    0|    2|           1|           1|
    |tmp_107_fu_3486_p2             |    and   |      0|    0|    2|           1|           1|
    |tmp_109_fu_3490_p2             |    and   |      0|    0|    2|           1|           1|
    |tmp_210_fu_4553_p2             |    and   |      0|    0|    2|           1|           1|
    |tmp_212_fu_4565_p2             |    and   |      0|    0|    2|           1|           1|
    |tmp_3_fu_1125_p2               |    and   |      0|    0|    2|           1|           1|
    |tmp_8_fu_1114_p2               |    and   |      0|    0|    2|           1|           1|
    |x_is_1_0_i1_fu_3481_p2         |    and   |      0|    0|    2|           1|           1|
    |x_is_1_0_i2_fu_4517_p2         |    and   |      0|    0|    2|           1|           1|
    |x_is_1_0_i_fu_1082_p2          |    and   |      0|    0|    2|           1|           1|
    |x_is_n1_1_fu_4166_p2           |    and   |      0|    0|    2|           1|           1|
    |x_is_n1_2_fu_4535_p2           |    and   |      0|    0|    2|           1|           1|
    |x_is_n1_fu_1099_p2             |    and   |      0|    0|    2|           1|           1|
    |x_is_p1_1_fu_4161_p2           |    and   |      0|    0|    2|           1|           1|
    |x_is_p1_2_fu_4529_p2           |    and   |      0|    0|    2|           1|           1|
    |x_is_p1_fu_1093_p2             |    and   |      0|    0|    2|           1|           1|
    |icmp1_fu_4241_p2               |   icmp   |      0|    0|    1|           3|           1|
    |icmp2_fu_6077_p2               |   icmp   |      0|    0|    1|           3|           1|
    |icmp_fu_2635_p2                |   icmp   |      0|    0|    1|           3|           1|
    |tmp_103_fu_3476_p2             |   icmp   |      0|    0|    6|          12|           1|
    |tmp_104_fu_2746_p2             |   icmp   |      0|    0|   29|          52|           1|
    |tmp_105_fu_3392_p2             |   icmp   |      0|    0|    6|          11|           2|
    |tmp_106_fu_2751_p2             |   icmp   |      0|    0|   29|          52|           1|
    |tmp_108_fu_3397_p2             |   icmp   |      0|    0|    6|          11|           1|
    |tmp_112_fu_3516_p2             |   icmp   |      0|    0|   16|          32|           1|
    |tmp_114_fu_4189_p2             |   icmp   |      0|    0|   16|          32|           1|
    |tmp_11_fu_1167_p2              |   icmp   |      0|    0|   16|          32|           1|
    |tmp_13_fu_1181_p2              |   icmp   |      0|    0|   16|          32|           1|
    |tmp_179_fu_3861_p2             |   icmp   |      0|    0|   13|          18|           1|
    |tmp_199_fu_3893_p2             |   icmp   |      0|    0|   95|         130|         130|
    |tmp_200_fu_4247_p2             |   icmp   |      0|    0|    7|          13|          11|
    |tmp_205_fu_4505_p2             |   icmp   |      0|    0|    6|          12|           1|
    |tmp_206_fu_4511_p2             |   icmp   |      0|    0|   29|          52|           1|
    |tmp_207_fu_4541_p2             |   icmp   |      0|    0|    6|          11|           2|
    |tmp_209_fu_4547_p2             |   icmp   |      0|    0|   29|          52|           1|
    |tmp_211_fu_4559_p2             |   icmp   |      0|    0|    6|          11|           1|
    |tmp_215_fu_4607_p2             |   icmp   |      0|    0|   16|          32|           1|
    |tmp_217_fu_4621_p2             |   icmp   |      0|    0|   16|          32|           1|
    |tmp_279_fu_5710_p2             |   icmp   |      0|    0|   13|          18|           1|
    |tmp_303_fu_5671_p2             |   icmp   |      0|    0|   95|         130|         130|
    |tmp_304_fu_6088_p2             |   icmp   |      0|    0|    7|          13|          11|
    |tmp_372_not_fu_3502_p2         |   icmp   |      0|    0|   16|          32|           1|
    |tmp_47_not_fu_1139_p2          |   icmp   |      0|    0|   16|          32|           1|
    |tmp_4_fu_1071_p2               |   icmp   |      0|    0|    6|          12|           1|
    |tmp_5_fu_1077_p2               |   icmp   |      0|    0|   29|          52|           1|
    |tmp_695_not_fu_4579_p2         |   icmp   |      0|    0|   16|          32|           1|
    |tmp_6_fu_1104_p2               |   icmp   |      0|    0|    6|          11|           2|
    |tmp_76_fu_2268_p2              |   icmp   |      0|    0|   13|          18|           1|
    |tmp_7_fu_1109_p2               |   icmp   |      0|    0|   29|          52|           1|
    |tmp_98_fu_2229_p2              |   icmp   |      0|    0|   95|         130|         130|
    |tmp_99_fu_2646_p2              |   icmp   |      0|    0|    7|          13|          11|
    |tmp_9_fu_1120_p2               |   icmp   |      0|    0|    6|          11|           1|
    |r_V_fu_6221_p2                 |   lshr   |      0|  143|  162|          54|          54|
    |brmerge1_fu_4170_p2            |    or    |      0|    0|    2|           1|           1|
    |brmerge2_fu_4585_p2            |    or    |      0|    0|    2|           1|           1|
    |brmerge_fu_1145_p2             |    or    |      0|    0|    2|           1|           1|
    |or_cond1048_i1_fu_4430_p2      |    or    |      0|    0|    2|           1|           1|
    |or_cond1048_i2_fu_6083_p2      |    or    |      0|    0|    2|           1|           1|
    |or_cond1048_i_fu_2641_p2       |    or    |      0|    0|    2|           1|           1|
    |sel_tmp13_demorgan_fu_4379_p2  |    or    |      0|    0|    2|           1|           1|
    |sel_tmp7_fu_4314_p2            |    or    |      0|    0|    2|           1|           1|
    |tmp_203_fu_4402_p2             |    or    |      0|    0|    2|           1|           1|
    |tmp_204_fu_4416_p2             |    or    |      0|    0|    2|           1|           1|
    |b_exp_6_fu_1908_p3             |  select  |      0|    0|   12|           1|          12|
    |b_exp_7_fu_3522_p3             |  select  |      0|    0|   12|           1|          12|
    |b_exp_8_fu_5350_p3             |  select  |      0|    0|   12|           1|          12|
    |b_frac_V_3_fu_1228_p3          |  select  |      0|    0|   54|           1|          54|
    |b_frac_V_6_fu_2776_p3          |  select  |      0|    0|   54|           1|          54|
    |b_frac_V_8_fu_4670_p3          |  select  |      0|    0|   54|           1|          54|
    |fitness                        |  select  |      0|    0|   32|           1|          32|
    |loc_V_5_fu_4273_p3             |  select  |      0|    0|   52|           1|          52|
    |p_015_i513_in_fu_4454_p3       |  select  |      0|    0|   64|           1|          64|
    |p_0415_0_i1_fu_4224_p3         |  select  |      0|    0|   13|           1|          13|
    |p_0415_0_i2_fu_6060_p3         |  select  |      0|    0|   13|           1|          13|
    |p_0415_0_i_fu_2618_p3          |  select  |      0|    0|   13|           1|          13|
    |p_1047_i1_fu_3873_p3           |  select  |      0|    0|   13|           1|          13|
    |p_1047_i2_fu_5722_p3           |  select  |      0|    0|   13|           1|          13|
    |p_1047_i_fu_2280_p3            |  select  |      0|    0|   13|           1|          13|
    |p_1_cast_cast_fu_4441_p3       |  select  |      0|    0|   63|           1|           1|
    |p_2_cast_cast_fu_6131_p3       |  select  |      0|    0|   63|           1|           1|
    |p_Val2_151_fu_4744_p3          |  select  |      0|    0|   76|           1|          76|
    |p_Val2_221_fu_6052_p3          |  select  |      0|    0|   58|           1|          58|
    |p_Val2_79_fu_2610_p3           |  select  |      0|    0|   58|           1|          58|
    |p_Val2_7_fu_1302_p3            |  select  |      0|    0|   76|           1|          76|
    |p_Val2_84_fu_2850_p3           |  select  |      0|    0|   76|           1|          76|
    |p_cast_cast_fu_2689_p3         |  select  |      0|    0|   63|           1|           1|
    |p_mux1_cast_cast_fu_4175_p3    |  select  |      0|    0|   63|           1|          63|
    |p_mux2_cast_cast_fu_4591_p3    |  select  |      0|    0|   63|           1|          63|
    |p_mux_cast_cast_fu_1151_p3     |  select  |      0|    0|   63|           1|          63|
    |r_exp_V_6_fu_2288_p3           |  select  |      0|    0|   13|           1|          13|
    |r_exp_V_7_fu_3881_p3           |  select  |      0|    0|   13|           1|          13|
    |r_exp_V_8_fu_5730_p3           |  select  |      0|    0|   13|           1|          13|
    |sel_tmp14_fu_4422_p3           |  select  |      0|    0|   64|           1|          64|
    |sel_tmp5_cast_fu_4408_p3       |  select  |      0|    0|   63|           1|           1|
    |sel_tmp9_fu_4325_p3            |  select  |      0|    0|   64|           1|          64|
    |sel_tmp_fu_4301_p3             |  select  |      0|    0|   64|           1|          62|
    |sh_assign_1_fu_6201_p3         |  select  |      0|    0|   12|           1|          12|
    |r_V_1_fu_6227_p2               |    shl   |      0|  315|  474|         137|         137|
    |not_Result_i10_0_1_fu_4156_p2  |    xor   |      0|    0|    2|           1|           2|
    |not_Result_i10_0_2_fu_4523_p2  |    xor   |      0|    0|    2|           1|           2|
    |not_Result_i10_fu_1088_p2      |    xor   |      0|    0|    2|           1|           2|
    |sel_tmp12_fu_4384_p2           |    xor   |      0|    0|    2|           1|           2|
    |sel_tmp1_fu_4333_p2            |    xor   |      0|    0|    2|           1|           2|
    |sel_tmp3_fu_4345_p2            |    xor   |      0|    0|    2|           1|           2|
    |sel_tmp5_fu_4361_p2            |    xor   |      0|    0|    2|           1|           2|
    |x_is_1_0_i1_not_fu_4309_p2     |    xor   |      0|    0|    2|           1|           2|
    +-------------------------------+----------+-------+-----+-----+------------+------------+
    |Total                          |          |    573|27406|19782|       13505|       13225|
    +-------------------------------+----------+-------+-----+-----+------------+------------+

    * Multiplexer: 
    +-------------------------------+-----+-----------+-----+-----------+
    |              Name             | LUT | Input Size| Bits| Total Bits|
    +-------------------------------+-----+-----------+-----+-----------+
    |ap_NS_fsm                      |  477|         95|    1|         95|
    |grp_fu_947_p0                  |   27|          5|   32|        160|
    |grp_fu_951_opcode              |   15|          3|    2|          6|
    |grp_fu_951_p0                  |   15|          3|   64|        192|
    |grp_fu_951_p1                  |   15|          3|   64|        192|
    |hls_pow_reduce_an_12_address0  |   21|          4|    6|         24|
    |hls_pow_reduce_an_13_address0  |   21|          4|    6|         24|
    |hls_pow_reduce_an_14_address0  |   21|          4|    6|         24|
    |hls_pow_reduce_an_15_address0  |   21|          4|    6|         24|
    |hls_pow_reduce_an_16_address0  |   21|          4|    4|         16|
    |hls_pow_reduce_an_17_address0  |   21|          4|    6|         24|
    |hls_pow_reduce_an_18_address0  |   21|          4|    8|         32|
    |hls_pow_reduce_an_19_address0  |   21|          4|    6|         24|
    |hls_pow_reduce_an_20_address0  |   21|          4|    6|         24|
    |hls_pow_reduce_an_21_address0  |   21|          4|    8|         32|
    |hls_pow_reduce_an_9_address0   |   21|          4|    6|         24|
    |hls_pow_reduce_an_address0     |   40|          7|    8|         56|
    |p_015_i851_in_reg_917          |   33|          6|   63|        378|
    |p_015_i_in_reg_890             |   33|          6|   63|        378|
    |simulationDone                 |   15|          3|    1|          3|
    +-------------------------------+-----+-----------+-----+-----------+
    |Total                          |  901|        175|  366|       1732|
    +-------------------------------+-----+-----------+-----+-----------+

    * Register: 
    +------------------------+-----+----+-----+-----------+
    |          Name          |  FF | LUT| Bits| Const Bits|
    +------------------------+-----+----+-----+-----------+
    |ap_CS_fsm               |   95|   0|   95|          0|
    |b_exp_1_reg_6572        |   12|   0|   12|          0|
    |b_exp_2_reg_7004        |   12|   0|   12|          0|
    |b_exp_3_reg_7021        |   12|   0|   12|          0|
    |b_exp_4_reg_7279        |   12|   0|   12|          0|
    |b_exp_5_reg_7492        |   12|   0|   12|          0|
    |b_exp_reg_6355          |   12|   0|   12|          0|
    |b_local_reg_6345        |   32|   0|   32|          0|
    |brmerge_reg_6364        |    1|   0|    1|          0|
    |icmp1_reg_7238          |    1|   0|    1|          0|
    |loc_V_10_reg_7716       |   52|   0|   52|          0|
    |loc_V_1_reg_6332        |   52|   0|   52|          0|
    |loc_V_3_reg_6787        |   11|   0|   11|          0|
    |loc_V_4_reg_6794        |   52|   0|   52|          0|
    |loc_V_7_reg_7268        |   52|   0|   52|          0|
    |loc_V_9_reg_7710        |   11|   0|   11|          0|
    |loc_V_reg_6325          |   11|   0|   11|          0|
    |m_diff_hi_V_1_reg_7158  |    8|   0|    8|          0|
    |m_diff_hi_V_2_reg_7604  |    8|   0|    8|          0|
    |m_diff_hi_V_reg_6684    |    8|   0|    8|          0|
    |p_015_i851_in_reg_917   |   63|   0|   64|          1|
    |p_015_i_in_reg_890      |   63|   0|   64|          1|
    |p_015_i_reg_7263        |   63|   0|   64|          1|
    |p_Result_29_reg_6780    |    1|   0|    1|          0|
    |p_Result_s_reg_6319     |    1|   0|    1|          0|
    |p_Val2_100_reg_6896     |   88|   0|  102|         14|
    |p_Val2_101_reg_6901     |   75|   0|   89|         14|
    |p_Val2_103_reg_6906     |   88|   0|   92|          4|
    |p_Val2_104_reg_6754     |   58|   0|   58|          0|
    |p_Val2_108_reg_6923     |  117|   0|  121|          4|
    |p_Val2_109_reg_6928     |   94|   0|   98|          4|
    |p_Val2_10_reg_6443      |   82|   0|   82|          0|
    |p_Val2_111_reg_6933     |   87|   0|   87|          0|
    |p_Val2_114_reg_6950     |  126|   0|  126|          0|
    |p_Val2_115_reg_6955     |   93|   0|   93|          0|
    |p_Val2_117_reg_6960     |   82|   0|   82|          0|
    |p_Val2_120_reg_6977     |  131|   0|  131|          0|
    |p_Val2_121_reg_6982     |   88|   0|   88|          0|
    |p_Val2_123_reg_6987     |   77|   0|   77|          0|
    |p_Val2_126_reg_7061     |  136|   0|  136|          0|
    |p_Val2_127_reg_7066     |   83|   0|   83|          0|
    |p_Val2_129_reg_7100     |  109|   0|  109|          0|
    |p_Val2_12_reg_6448      |   79|   0|   79|          0|
    |p_Val2_133_reg_7125     |   16|   0|   16|          0|
    |p_Val2_136_reg_7153     |   71|   0|   71|          0|
    |p_Val2_13_reg_6453      |   83|   0|   83|          0|
    |p_Val2_142_reg_7212     |   44|   0|   44|          0|
    |p_Val2_145_reg_7228     |   59|   0|   59|          0|
    |p_Val2_146_reg_7233     |  100|   0|  100|          0|
    |p_Val2_148_reg_7317     |   60|   0|   60|          0|
    |p_Val2_152_reg_7336     |   61|   0|   77|         16|
    |p_Val2_153_reg_7341     |   75|   0|   75|          0|
    |p_Val2_156_reg_7346     |   73|   0|   73|          0|
    |p_Val2_159_reg_7363     |   82|   0|   82|          0|
    |p_Val2_160_reg_7368     |   79|   0|   79|          0|
    |p_Val2_162_reg_7373     |   83|   0|   83|          0|
    |p_Val2_165_reg_7384     |  101|   0|  102|          1|
    |p_Val2_166_reg_7389     |   89|   0|   89|          0|
    |p_Val2_168_reg_7394     |   92|   0|   92|          0|
    |p_Val2_171_reg_7411     |  121|   0|  121|          0|
    |p_Val2_172_reg_7416     |   98|   0|   98|          0|
    |p_Val2_175_reg_7421     |   87|   0|   87|          0|
    |p_Val2_178_reg_7438     |  126|   0|  126|          0|
    |p_Val2_179_reg_7443     |   93|   0|   93|          0|
    |p_Val2_17_reg_6464      |  101|   0|  102|          1|
    |p_Val2_183_reg_7448     |   82|   0|   82|          0|
    |p_Val2_186_reg_7465     |  131|   0|  131|          0|
    |p_Val2_187_reg_7470     |   88|   0|   88|          0|
    |p_Val2_190_reg_7475     |   77|   0|   77|          0|
    |p_Val2_194_reg_7532     |  136|   0|  136|          0|
    |p_Val2_195_reg_7537     |   83|   0|   83|          0|
    |p_Val2_197_reg_7552     |  109|   0|  109|          0|
    |p_Val2_1_reg_6397       |   60|   0|   60|          0|
    |p_Val2_202_reg_7577     |   16|   0|   16|          0|
    |p_Val2_206_reg_7599     |   71|   0|   71|          0|
    |p_Val2_213_reg_7658     |   44|   0|   44|          0|
    |p_Val2_217_reg_7679     |  100|   0|  100|          0|
    |p_Val2_21_reg_6469      |   89|   0|   89|          0|
    |p_Val2_231_reg_7095     |   90|   0|   90|          0|
    |p_Val2_235_reg_7120     |  122|   0|  122|          0|
    |p_Val2_239_reg_7130     |  123|   0|  123|          0|
    |p_Val2_23_reg_6474      |   92|   0|   92|          0|
    |p_Val2_240_reg_7135     |   71|   0|   71|          0|
    |p_Val2_246_reg_7176     |   35|   0|   35|          0|
    |p_Val2_260_reg_7170     |    8|   0|    8|          0|
    |p_Val2_264_reg_7163     |    8|   0|    8|          0|
    |p_Val2_27_reg_6491      |  121|   0|  121|          0|
    |p_Val2_287_reg_7547     |   90|   0|   90|          0|
    |p_Val2_289_reg_7567     |  123|   0|  123|          0|
    |p_Val2_28_reg_6496      |   98|   0|   98|          0|
    |p_Val2_290_reg_7572     |   71|   0|   71|          0|
    |p_Val2_292_reg_7622     |   35|   0|   35|          0|
    |p_Val2_294_reg_7616     |    8|   0|    8|          0|
    |p_Val2_297_reg_7609     |    8|   0|    8|          0|
    |p_Val2_298_reg_7674     |   58|   0|   58|          0|
    |p_Val2_306_reg_6410     |    4|   0|    4|          0|
    |p_Val2_307_reg_6432     |    6|   0|    6|          0|
    |p_Val2_308_reg_6458     |    6|   0|    6|          0|
    |p_Val2_309_reg_6480     |    6|   0|    6|          0|
    |p_Val2_30_reg_6501      |   87|   0|   87|          0|
    |p_Val2_310_reg_6507     |    6|   0|    6|          0|
    |p_Val2_311_reg_6534     |    6|   0|    6|          0|
    |p_Val2_312_reg_6561     |    6|   0|    6|          0|
    |p_Val2_313_reg_6842     |    4|   0|    4|          0|
    |p_Val2_314_reg_6864     |    6|   0|    6|          0|
    |p_Val2_315_reg_6890     |    6|   0|    6|          0|
    |p_Val2_316_reg_6912     |    6|   0|    6|          0|
    |p_Val2_317_reg_6939     |    6|   0|    6|          0|
    |p_Val2_318_reg_6966     |    6|   0|    6|          0|
    |p_Val2_319_reg_6993     |    6|   0|    6|          0|
    |p_Val2_320_reg_7330     |    4|   0|    4|          0|
    |p_Val2_321_reg_7352     |    6|   0|    6|          0|
    |p_Val2_322_reg_7378     |    6|   0|    6|          0|
    |p_Val2_323_reg_7400     |    6|   0|    6|          0|
    |p_Val2_324_reg_7427     |    6|   0|    6|          0|
    |p_Val2_325_reg_7454     |    6|   0|    6|          0|
    |p_Val2_326_reg_7481     |    6|   0|    6|          0|
    |p_Val2_34_reg_6518      |  126|   0|  126|          0|
    |p_Val2_35_reg_6523      |   93|   0|   93|          0|
    |p_Val2_37_reg_6528      |   82|   0|   82|          0|
    |p_Val2_41_reg_6545      |  131|   0|  131|          0|
    |p_Val2_42_reg_6550      |   88|   0|   88|          0|
    |p_Val2_44_reg_6555      |   77|   0|   77|          0|
    |p_Val2_48_reg_6612      |  136|   0|  136|          0|
    |p_Val2_49_reg_6617      |   83|   0|   83|          0|
    |p_Val2_4_reg_6421       |   75|   0|   75|          0|
    |p_Val2_51_reg_6632      |  109|   0|  109|          0|
    |p_Val2_55_reg_6657      |   16|   0|   16|          0|
    |p_Val2_60_reg_6679      |   71|   0|   71|          0|
    |p_Val2_63_reg_6627      |   90|   0|   90|          0|
    |p_Val2_68_reg_6647      |  123|   0|  123|          0|
    |p_Val2_69_reg_6652      |   71|   0|   71|          0|
    |p_Val2_6_reg_6426       |   73|   0|   73|          0|
    |p_Val2_70_reg_6738      |   44|   0|   44|          0|
    |p_Val2_75_reg_6759      |  100|   0|  100|          0|
    |p_Val2_77_reg_6702      |   35|   0|   35|          0|
    |p_Val2_81_reg_6829      |   60|   0|   60|          0|
    |p_Val2_85_reg_6848      |   61|   0|   77|         16|
    |p_Val2_86_reg_6696      |    8|   0|    8|          0|
    |p_Val2_87_reg_6853      |   58|   0|   75|         17|
    |p_Val2_90_reg_6858      |   60|   0|   73|         13|
    |p_Val2_93_reg_6875      |   69|   0|   82|         13|
    |p_Val2_94_reg_6880      |   66|   0|   79|         13|
    |p_Val2_96_reg_6689      |    8|   0|    8|          0|
    |p_Val2_97_reg_6885      |   70|   0|   83|         13|
    |p_Val2_9_reg_6416       |   61|   0|   77|         16|
    |p_Val2_s_reg_6313       |   64|   0|   64|          0|
    |r_V_13_reg_6712         |   36|   0|   36|          0|
    |r_V_16_reg_7186         |   36|   0|   36|          0|
    |r_V_19_reg_7632         |   36|   0|   36|          0|
    |r_exp_V_6_reg_6672      |   13|   0|   13|          0|
    |r_exp_V_7_reg_7140      |   13|   0|   13|          0|
    |r_exp_V_8_reg_7592      |   13|   0|   13|          0|
    |reg_989                 |   40|   0|   40|          0|
    |reg_993                 |   64|   0|   64|          0|
    |sel_tmp11_reg_7243      |    1|   0|    1|          0|
    |sel_tmp14_reg_7248      |   63|   0|   64|          1|
    |tmp61_reg_6749          |   44|   0|   44|          0|
    |tmp69_reg_7223          |   44|   0|   44|          0|
    |tmp78_reg_7669          |   44|   0|   44|          0|
    |tmp_104_reg_6818        |    1|   0|    1|          0|
    |tmp_105_reg_7010        |    1|   0|    1|          0|
    |tmp_106_reg_6824        |    1|   0|    1|          0|
    |tmp_108_reg_7016        |    1|   0|    1|          0|
    |tmp_112_reg_7089        |    1|   0|    1|          0|
    |tmp_115_reg_6808        |    6|   0|   32|         26|
    |tmp_11_reg_6373         |    1|   0|    1|          0|
    |tmp_126_reg_6870        |   54|   0|   67|         13|
    |tmp_135_reg_6662        |    1|   0|    1|          0|
    |tmp_139_reg_6918        |   82|   0|   86|          4|
    |tmp_13_reg_6377         |    1|   0|    1|          0|
    |tmp_145_reg_6945        |   81|   0|   81|          0|
    |tmp_14_reg_6387         |    6|   0|   32|         26|
    |tmp_151_reg_6972        |   76|   0|   76|          0|
    |tmp_157_reg_6999        |   71|   0|   71|          0|
    |tmp_163_reg_7105        |   72|   0|   72|          0|
    |tmp_165_reg_7110        |   79|   0|   79|          0|
    |tmp_167_reg_7115        |   73|   0|   73|          0|
    |tmp_187_reg_7197        |   34|   0|   43|          9|
    |tmp_188_reg_7202        |   20|   0|   20|          0|
    |tmp_199_reg_7147        |    1|   0|    1|          0|
    |tmp_218_reg_7307        |    6|   0|   32|         26|
    |tmp_229_reg_7358        |   67|   0|   67|          0|
    |tmp_22_reg_6438         |   67|   0|   67|          0|
    |tmp_240_reg_7406        |   86|   0|   86|          0|
    |tmp_246_reg_7433        |   81|   0|   81|          0|
    |tmp_252_reg_7460        |   76|   0|   76|          0|
    |tmp_258_reg_7487        |   71|   0|   71|          0|
    |tmp_264_reg_7557        |   72|   0|   72|          0|
    |tmp_266_reg_7562        |   79|   0|   79|          0|
    |tmp_280_reg_6802        |    1|   0|    1|          0|
    |tmp_281_reg_6835        |   54|   0|   54|          0|
    |tmp_289_reg_7643        |   34|   0|   43|          9|
    |tmp_290_reg_7648        |   20|   0|   20|          0|
    |tmp_303_cast_reg_7274   |   11|   0|   12|          1|
    |tmp_303_reg_7587        |    1|   0|    1|          0|
    |tmp_305_reg_7705        |   64|   0|   64|          0|
    |tmp_30_reg_6381         |    1|   0|    1|          0|
    |tmp_32_reg_6403         |   54|   0|   54|          0|
    |tmp_334_reg_7301        |    1|   0|    1|          0|
    |tmp_335_reg_7323        |   54|   0|   54|          0|
    |tmp_343_reg_7582        |    1|   0|    1|          0|
    |tmp_35_reg_6486         |   86|   0|   86|          0|
    |tmp_372_not_reg_7083    |    1|   0|    1|          0|
    |tmp_3_cast_reg_6350     |   11|   0|   12|          1|
    |tmp_41_reg_6513         |   81|   0|   81|          0|
    |tmp_47_reg_6540         |   76|   0|   76|          0|
    |tmp_53_reg_6567         |   71|   0|   71|          0|
    |tmp_59_reg_6637         |   72|   0|   72|          0|
    |tmp_61_reg_6642         |   79|   0|   79|          0|
    |tmp_84_reg_6723         |   34|   0|   43|          9|
    |tmp_85_reg_6728         |   20|   0|   20|          0|
    |tmp_98_reg_6667         |    1|   0|    1|          0|
    |x_assign_2_reg_7258     |   64|   0|   64|          0|
    |x_double_reg_6302       |   32|   0|   32|          0|
    |x_is_1_0_i1_reg_7076    |    1|   0|    1|          0|
    |x_is_p1_reg_6360        |    1|   0|    1|          0|
    |y_V_reg_6297            |   32|   0|   32|          0|
    |y_double_reg_6340       |   32|   0|   32|          0|
    +------------------------+-----+----+-----+-----------+
    |Total                   |11511|   0|11798|        287|
    +------------------------+-----+----+-----+-----------+



================================================================
== Interface
================================================================
* Summary: 
+-----------------------+-----+-----+------------+-----------------------------------------+--------------+
|       RTL Ports       | Dir | Bits|  Protocol  |              Source Object              |    C Type    |
+-----------------------+-----+-----+------------+-----------------------------------------+--------------+
|ap_clk                 |  in |    1| ap_ctrl_hs | RosenbrockSimulator::simulateRosenbrock | return value |
|ap_rst                 |  in |    1| ap_ctrl_hs | RosenbrockSimulator::simulateRosenbrock | return value |
|startSimulation        |  in |    1|   ap_none  |             startSimulation             |    pointer   |
|simulationDone         | out |    1|   ap_vld   |              simulationDone             |    pointer   |
|simulationDone_ap_vld  | out |    1|   ap_vld   |              simulationDone             |    pointer   |
|a                      |  in |   32|   ap_none  |                    a                    |    pointer   |
|b                      |  in |   32|   ap_none  |                    b                    |    pointer   |
|chromosome_in          |  in |   64|   ap_none  |              chromosome_in              |    pointer   |
|fitness                | out |   32|   ap_vld   |                 fitness                 |    pointer   |
|fitness_ap_vld         | out |    1|   ap_vld   |                 fitness                 |    pointer   |
+-----------------------+-----+-----+------------+-----------------------------------------+--------------+

