Copyright 1986-2017 Xilinx, Inc. All Rights Reserved.
-------------------------------------------------------------------------------------------
| Tool Version : Vivado v.2017.2 (win64) Build 1909853 Thu Jun 15 18:39:09 MDT 2017
| Date         : Thu Dec 20 08:58:01 2018
| Host         : Centropy running 64-bit major release  (build 9200)
| Command      : report_control_sets -verbose -file system_wrapper_control_sets_placed.rpt
| Design       : system_wrapper
| Device       : xc7z010
-------------------------------------------------------------------------------------------

Control Set Information

Table of Contents
-----------------
1. Summary
2. Flip-Flop Distribution
3. Detailed Control Set Information

1. Summary
----------

+----------------------------------------------------------+-------+
|                          Status                          | Count |
+----------------------------------------------------------+-------+
| Number of unique control sets                            |    74 |
| Unused register locations in slices containing registers |   132 |
+----------------------------------------------------------+-------+


2. Flip-Flop Distribution
-------------------------

+--------------+-----------------------+------------------------+-----------------+--------------+
| Clock Enable | Synchronous Set/Reset | Asynchronous Set/Reset | Total Registers | Total Slices |
+--------------+-----------------------+------------------------+-----------------+--------------+
| No           | No                    | No                     |             171 |           58 |
| No           | No                    | Yes                    |               0 |            0 |
| No           | Yes                   | No                     |             166 |           54 |
| Yes          | No                    | No                     |            1231 |          300 |
| Yes          | No                    | Yes                    |               0 |            0 |
| Yes          | Yes                   | No                     |             148 |           42 |
+--------------+-----------------------+------------------------+-----------------+--------------+


3. Detailed Control Set Information
-----------------------------------

+-----------------------------------------------+-------------------------------------------------------------------------------------------------------------------------------------------------------------+-----------------------------------------------------------------------------------------------------------------------------------------+------------------+----------------+
|                  Clock Signal                 |                                                                        Enable Signal                                                                        |                                                             Set/Reset Signal                                                            | Slice Load Count | Bel Load Count |
+-----------------------------------------------+-------------------------------------------------------------------------------------------------------------------------------------------------------------+-----------------------------------------------------------------------------------------------------------------------------------------+------------------+----------------+
|  system_i/processing_system7_0/inst/FCLK_CLK0 | system_i/ps7_0_axi_periph/s00_couplers/auto_pc/inst/gen_axilite.gen_b2s_conv.axilite_b2s/WR.b_channel_0/bid_fifo_0/bresp_push                               |                                                                                                                                         |                1 |              2 |
|  system_i/processing_system7_0/inst/FCLK_CLK0 |                                                                                                                                                             | system_i/switches/U0/AXI_LITE_IPIF_I/I_SLAVE_ATTACHMENT/I_DECODER/Not_Dual.ALLIN1_ND.READ_REG_GEN[0].GPIO_DBus_i_reg[28]                |                2 |              4 |
|  system_i/processing_system7_0/inst/FCLK_CLK0 |                                                                                                                                                             | system_i/buttons/U0/AXI_LITE_IPIF_I/I_SLAVE_ATTACHMENT/I_DECODER/Not_Dual.ALLIN1_ND.READ_REG_GEN[0].GPIO_DBus_i_reg[28]                 |                1 |              4 |
|  system_i/processing_system7_0/inst/FCLK_CLK0 |                                                                                                                                                             | system_i/buttons/U0/AXI_LITE_IPIF_I/I_SLAVE_ATTACHMENT/clear                                                                            |                1 |              4 |
|  system_i/processing_system7_0/inst/FCLK_CLK0 | system_i/leds/U0/AXI_LITE_IPIF_I/I_SLAVE_ATTACHMENT/bus2ip_addr_i[8]_i_1_n_0                                                                                | system_i/leds/U0/AXI_LITE_IPIF_I/I_SLAVE_ATTACHMENT/SR                                                                                  |                1 |              4 |
|  system_i/processing_system7_0/inst/FCLK_CLK0 | system_i/leds/U0/AXI_LITE_IPIF_I/I_SLAVE_ATTACHMENT/s_axi_rdata_i[3]_i_1_n_0                                                                                | system_i/leds/U0/AXI_LITE_IPIF_I/I_SLAVE_ATTACHMENT/SR                                                                                  |                1 |              4 |
|  system_i/processing_system7_0/inst/FCLK_CLK0 |                                                                                                                                                             | system_i/leds/U0/AXI_LITE_IPIF_I/I_SLAVE_ATTACHMENT/clear                                                                               |                1 |              4 |
|  system_i/processing_system7_0/inst/FCLK_CLK0 |                                                                                                                                                             | system_i/leds/U0/AXI_LITE_IPIF_I/I_SLAVE_ATTACHMENT/I_DECODER/Not_Dual.ALLOUT_ND.READ_REG_GEN[0].GPIO_DBus_i_reg[28]                    |                2 |              4 |
|  system_i/processing_system7_0/inst/FCLK_CLK0 | system_i/ps7_0_axi_periph/s00_couplers/auto_pc/inst/gen_axilite.gen_b2s_conv.axilite_b2s/WR.aw_channel_0/aw_cmd_fsm_0/axaddr_wrap_reg[0]                    | system_i/ps7_0_axi_periph/s00_couplers/auto_pc/inst/gen_axilite.gen_b2s_conv.axilite_b2s/WR.aw_channel_0/aw_cmd_fsm_0/axlen_cnt_reg[7]  |                1 |              4 |
|  system_i/processing_system7_0/inst/FCLK_CLK0 | system_i/buttons/U0/AXI_LITE_IPIF_I/I_SLAVE_ATTACHMENT/s_axi_rdata_i[3]_i_1_n_0                                                                             | system_i/buttons/U0/AXI_LITE_IPIF_I/I_SLAVE_ATTACHMENT/SR                                                                               |                1 |              4 |
|  system_i/processing_system7_0/inst/FCLK_CLK0 | system_i/buttons/U0/AXI_LITE_IPIF_I/I_SLAVE_ATTACHMENT/bus2ip_addr_i[8]_i_1_n_0                                                                             | system_i/buttons/U0/AXI_LITE_IPIF_I/I_SLAVE_ATTACHMENT/SR                                                                               |                1 |              4 |
|  system_i/processing_system7_0/inst/FCLK_CLK0 |                                                                                                                                                             | system_i/switches/U0/AXI_LITE_IPIF_I/I_SLAVE_ATTACHMENT/clear                                                                           |                1 |              4 |
|  system_i/processing_system7_0/inst/FCLK_CLK0 | system_i/buttons/U0/AXI_LITE_IPIF_I/I_SLAVE_ATTACHMENT/I_DECODER/Not_Dual.gpio_OE_reg[0][0]                                                                 | system_i/buttons/U0/AXI_LITE_IPIF_I/I_SLAVE_ATTACHMENT/SR                                                                               |                1 |              4 |
|  system_i/processing_system7_0/inst/FCLK_CLK0 | system_i/ps7_0_axi_periph/s00_couplers/auto_pc/inst/gen_axilite.gen_b2s_conv.axilite_b2s/RD.ar_channel_0/ar_cmd_fsm_0/axlen_cnt_reg[4][0]                   | system_i/ps7_0_axi_periph/s00_couplers/auto_pc/inst/gen_axilite.gen_b2s_conv.axilite_b2s/RD.ar_channel_0/ar_cmd_fsm_0/axlen_cnt_reg[7]  |                1 |              4 |
|  system_i/processing_system7_0/inst/FCLK_CLK0 |                                                                                                                                                             | system_i/ps7_0_axi_periph/s00_couplers/auto_pc/inst/gen_axilite.gen_b2s_conv.axilite_b2s/SI_REG/ar_pipe/m_valid_i_reg_0                 |                3 |              4 |
|  system_i/processing_system7_0/inst/FCLK_CLK0 |                                                                                                                                                             | system_i/ps7_0_axi_periph/s00_couplers/auto_pc/inst/gen_axilite.gen_b2s_conv.axilite_b2s/SI_REG/aw_pipe/s_ready_i_reg_0                 |                3 |              4 |
|  system_i/processing_system7_0/inst/FCLK_CLK0 | system_i/switches/U0/AXI_LITE_IPIF_I/I_SLAVE_ATTACHMENT/s_axi_rdata_i[3]_i_1_n_0                                                                            | system_i/switches/U0/AXI_LITE_IPIF_I/I_SLAVE_ATTACHMENT/SR                                                                              |                1 |              4 |
|  system_i/processing_system7_0/inst/FCLK_CLK0 | system_i/switches/U0/AXI_LITE_IPIF_I/I_SLAVE_ATTACHMENT/bus2ip_addr_i[8]_i_1_n_0                                                                            | system_i/switches/U0/AXI_LITE_IPIF_I/I_SLAVE_ATTACHMENT/SR                                                                              |                1 |              4 |
|  system_i/processing_system7_0/inst/FCLK_CLK0 | system_i/switches/U0/AXI_LITE_IPIF_I/I_SLAVE_ATTACHMENT/I_DECODER/Not_Dual.gpio_OE_reg[0][0]                                                                | system_i/switches/U0/AXI_LITE_IPIF_I/I_SLAVE_ATTACHMENT/SR                                                                              |                1 |              4 |
|  system_i/processing_system7_0/inst/FCLK_CLK0 |                                                                                                                                                             | system_i/rst_ps7_0_100M/U0/EXT_LPF/lpf_int                                                                                              |                1 |              5 |
|  system_i/processing_system7_0/inst/FCLK_CLK0 | system_i/rst_ps7_0_100M/U0/SEQ/seq_cnt_en                                                                                                                   | system_i/rst_ps7_0_100M/U0/SEQ/SEQ_COUNTER/clear                                                                                        |                1 |              6 |
|  system_i/processing_system7_0/inst/FCLK_CLK0 | system_i/GenerationGenerator_0/inst/GenerationGenerator_U/grp_GenerationGenerator_generateGeneration_fu_114/ap_CS_fsm_state8                                | system_i/GenerationGenerator_0/inst/GenerationGenerator_U/grp_GenerationGenerator_generateGeneration_fu_114/j_reg_239_0                 |                2 |              7 |
|  system_i/processing_system7_0/inst/FCLK_CLK0 | system_i/GenerationGenerator_0/inst/GenerationGenerator_slv0_if_U/aw_hs                                                                                     |                                                                                                                                         |                2 |              7 |
|  system_i/processing_system7_0/inst/FCLK_CLK0 | system_i/GenerationGenerator_0/inst/GenerationGenerator_U/grp_GenerationGenerator_generateGeneration_fu_114/ap_CS_fsm_state11                               | system_i/GenerationGenerator_0/inst/GenerationGenerator_U/grp_GenerationGenerator_generateGeneration_fu_114/ap_CS_fsm_state9            |                2 |              7 |
|  system_i/processing_system7_0/inst/FCLK_CLK0 | system_i/GenerationGenerator_0/inst/GenerationGenerator_U/grp_GenerationGenerator_generateGeneration_fu_114/ap_CS_fsm_state10                               |                                                                                                                                         |                3 |              7 |
|  system_i/processing_system7_0/inst/FCLK_CLK0 | system_i/GenerationGenerator_0/inst/GenerationGenerator_U/grp_GenerationGenerator_generateGeneration_fu_114/ap_CS_fsm_state7                                |                                                                                                                                         |                2 |              7 |
|  system_i/processing_system7_0/inst/FCLK_CLK0 | system_i/leds/U0/AXI_LITE_IPIF_I/I_SLAVE_ATTACHMENT/I_DECODER/E[0]                                                                                          | system_i/leds/U0/AXI_LITE_IPIF_I/I_SLAVE_ATTACHMENT/SR                                                                                  |                1 |              8 |
|  system_i/processing_system7_0/inst/FCLK_CLK0 | system_i/ps7_0_axi_periph/s00_couplers/auto_pc/inst/gen_axilite.gen_b2s_conv.axilite_b2s/WR.b_channel_0/mhandshake_r                                        | system_i/ps7_0_axi_periph/s00_couplers/auto_pc/inst/gen_axilite.gen_b2s_conv.axilite_b2s/WR.b_channel_0/bid_fifo_0/SR[0]                |                3 |              8 |
|  system_i/processing_system7_0/inst/FCLK_CLK0 |                                                                                                                                                             | system_i/ps7_0_axi_periph/xbar/inst/gen_sasd.crossbar_sasd_0/addr_arbiter_inst/SR[0]                                                    |                4 |             12 |
|  system_i/processing_system7_0/inst/FCLK_CLK0 | system_i/ps7_0_axi_periph/s00_couplers/auto_pc/inst/gen_axilite.gen_b2s_conv.axilite_b2s/RD.ar_channel_0/ar_cmd_fsm_0/axaddr_incr_reg[11]                   |                                                                                                                                         |                3 |             12 |
|  system_i/processing_system7_0/inst/FCLK_CLK0 | system_i/ps7_0_axi_periph/s00_couplers/auto_pc/inst/gen_axilite.gen_b2s_conv.axilite_b2s/RD.ar_channel_0/ar_cmd_fsm_0/E[0]                                  |                                                                                                                                         |                4 |             12 |
|  system_i/processing_system7_0/inst/FCLK_CLK0 | system_i/ps7_0_axi_periph/s00_couplers/auto_pc/inst/gen_axilite.gen_b2s_conv.axilite_b2s/WR.aw_channel_0/aw_cmd_fsm_0/E[0]                                  |                                                                                                                                         |                3 |             12 |
|  system_i/processing_system7_0/inst/FCLK_CLK0 | system_i/ps7_0_axi_periph/s00_couplers/auto_pc/inst/gen_axilite.gen_b2s_conv.axilite_b2s/WR.aw_channel_0/cmd_translator_0/incr_cmd_0/axaddr_incr[0]_i_1_n_0 |                                                                                                                                         |                3 |             12 |
|  system_i/processing_system7_0/inst/FCLK_CLK0 | system_i/ps7_0_axi_periph/s00_couplers/auto_pc/inst/gen_axilite.gen_b2s_conv.axilite_b2s/RD.r_channel_0/r_push_r                                            |                                                                                                                                         |                4 |             13 |
|  system_i/processing_system7_0/inst/FCLK_CLK0 | system_i/ps7_0_axi_periph/s00_couplers/auto_pc/inst/gen_axilite.gen_b2s_conv.axilite_b2s/SI_REG/b_pipe/p_1_in                                               |                                                                                                                                         |                2 |             14 |
|  system_i/processing_system7_0/inst/FCLK_CLK0 | system_i/ps7_0_axi_periph/s00_couplers/auto_pc/inst/gen_axilite.gen_b2s_conv.axilite_b2s/SI_REG/b_pipe/skid_buffer_reg[0]_0                                 |                                                                                                                                         |                2 |             14 |
|  system_i/processing_system7_0/inst/FCLK_CLK0 |                                                                                                                                                             | system_i/buttons/U0/AXI_LITE_IPIF_I/I_SLAVE_ATTACHMENT/SR                                                                               |                5 |             15 |
|  system_i/processing_system7_0/inst/FCLK_CLK0 |                                                                                                                                                             | system_i/leds/U0/AXI_LITE_IPIF_I/I_SLAVE_ATTACHMENT/SR                                                                                  |                5 |             15 |
|  system_i/processing_system7_0/inst/FCLK_CLK0 |                                                                                                                                                             | system_i/switches/U0/AXI_LITE_IPIF_I/I_SLAVE_ATTACHMENT/SR                                                                              |                4 |             15 |
|  system_i/processing_system7_0/inst/FCLK_CLK0 |                                                                                                                                                             | system_i/rst_ps7_0_100M/U0/peripheral_aresetn[0]                                                                                        |                8 |             16 |
|  system_i/processing_system7_0/inst/FCLK_CLK0 | system_i/ps7_0_axi_periph/s00_couplers/auto_pc/inst/gen_axilite.gen_b2s_conv.axilite_b2s/WR.aw_channel_0/aw_cmd_fsm_0/b_push                                |                                                                                                                                         |                3 |             16 |
|  system_i/processing_system7_0/inst/FCLK_CLK0 | system_i/ps7_0_axi_periph/s00_couplers/auto_pc/inst/gen_axilite.gen_b2s_conv.axilite_b2s/WR.aw_channel_0/aw_cmd_fsm_0/axaddr_wrap_reg[0]                    |                                                                                                                                         |                9 |             21 |
|  system_i/processing_system7_0/inst/FCLK_CLK0 | system_i/ps7_0_axi_periph/s00_couplers/auto_pc/inst/gen_axilite.gen_b2s_conv.axilite_b2s/RD.ar_channel_0/ar_cmd_fsm_0/axlen_cnt_reg[4][0]                   |                                                                                                                                         |                8 |             21 |
|  system_i/processing_system7_0/inst/FCLK_CLK0 | system_i/GenerationGenerator_0/inst/GenerationGenerator_U/grp_GenerationGenerator_generateGeneration_fu_114/E[0]                                            |                                                                                                                                         |               10 |             24 |
|  system_i/processing_system7_0/inst/FCLK_CLK0 | system_i/GenerationGenerator_0/inst/GenerationGenerator_U/grp_GenerationGenerator_generateGeneration_fu_114/ap_CS_fsm_state5                                |                                                                                                                                         |                3 |             24 |
|  system_i/processing_system7_0/inst/FCLK_CLK0 | system_i/GenerationGenerator_0/inst/GenerationGenerator_U/grp_GenerationGenerator_generateGeneration_fu_114/ap_CS_fsm_state5                                | system_i/GenerationGenerator_0/inst/GenerationGenerator_U/grp_GenerationGenerator_generateGeneration_fu_114/p_tmp_s_reg_490[23]_i_1_n_0 |                7 |             24 |
|  system_i/processing_system7_0/inst/FCLK_CLK0 | system_i/GenerationGenerator_0/inst/GenerationGenerator_U/grp_GenerationGenerator_generateGeneration_fu_114/ap_NS_fsm[10]                                   | system_i/GenerationGenerator_0/inst/GenerationGenerator_U/grp_GenerationGenerator_generateGeneration_fu_114/p_tmp_2_reg_536[23]_i_1_n_0 |                7 |             24 |
|  system_i/processing_system7_0/inst/FCLK_CLK0 | system_i/ps7_0_axi_periph/xbar/inst/gen_sasd.crossbar_sasd_0/addr_arbiter_inst/p_0_in1_in                                                                   | system_i/ps7_0_axi_periph/xbar/inst/gen_sasd.crossbar_sasd_0/addr_arbiter_inst/SR[0]                                                    |                9 |             24 |
|  system_i/processing_system7_0/inst/FCLK_CLK0 | system_i/GenerationGenerator_0/inst/GenerationGenerator_slv0_if_U/_random[23]_i_1_n_0                                                                       |                                                                                                                                         |                4 |             24 |
|  system_i/processing_system7_0/inst/FCLK_CLK0 | system_i/GenerationGenerator_0/inst/GenerationGenerator_slv0_if_U/_mutation_probability[23]_i_1_n_0                                                         |                                                                                                                                         |                4 |             24 |
|  system_i/processing_system7_0/inst/FCLK_CLK0 | system_i/GenerationGenerator_0/inst/GenerationGenerator_U/grp_GenerationGenerator_produceRandom_fu_144/ap_CS_fsm_state2                                     |                                                                                                                                         |                3 |             24 |
|  system_i/processing_system7_0/inst/FCLK_CLK0 | system_i/GenerationGenerator_0/inst/GenerationGenerator_U/grp_GenerationGenerator_produceRandom_fu_144/Q[0]                                                 |                                                                                                                                         |                6 |             24 |
|  system_i/processing_system7_0/inst/FCLK_CLK0 | system_i/GenerationGenerator_0/inst/GenerationGenerator_slv0_if_U/_generation_parent1[31]_i_1_n_0                                                           |                                                                                                                                         |                6 |             32 |
|  system_i/processing_system7_0/inst/FCLK_CLK0 | system_i/GenerationGenerator_0/inst/GenerationGenerator_slv0_if_U/_generation_parent1[63]_i_1_n_0                                                           |                                                                                                                                         |               10 |             32 |
|  system_i/processing_system7_0/inst/FCLK_CLK0 | system_i/GenerationGenerator_0/inst/GenerationGenerator_slv0_if_U/_generation_parent2[31]_i_1_n_0                                                           |                                                                                                                                         |                8 |             32 |
|  system_i/processing_system7_0/inst/FCLK_CLK0 | system_i/GenerationGenerator_0/inst/GenerationGenerator_slv0_if_U/_generation_parent2[63]_i_1_n_0                                                           |                                                                                                                                         |                9 |             32 |
|  system_i/processing_system7_0/inst/FCLK_CLK0 | system_i/GenerationGenerator_0/inst/GenerationGenerator_slv0_if_U/rdata[31]_i_1_n_0                                                                         |                                                                                                                                         |               18 |             32 |
|  system_i/processing_system7_0/inst/FCLK_CLK0 | system_i/ps7_0_axi_periph/s00_couplers/auto_pc/inst/gen_axilite.gen_b2s_conv.axilite_b2s/RD.r_channel_0/rd_data_fifo_0/wr_en0                               |                                                                                                                                         |                9 |             34 |
|  system_i/processing_system7_0/inst/FCLK_CLK0 | system_i/ps7_0_axi_periph/xbar/inst/gen_sasd.crossbar_sasd_0/addr_arbiter_inst/E[0]                                                                         |                                                                                                                                         |                8 |             35 |
|  system_i/processing_system7_0/inst/FCLK_CLK0 | system_i/ps7_0_axi_periph/xbar/inst/gen_sasd.crossbar_sasd_0/reg_slice_r/aa_rready                                                                          |                                                                                                                                         |                9 |             35 |
|  system_i/processing_system7_0/inst/FCLK_CLK0 | system_i/ps7_0_axi_periph/s00_couplers/auto_pc/inst/gen_axilite.gen_b2s_conv.axilite_b2s/SI_REG/r_pipe/p_1_in                                               |                                                                                                                                         |                9 |             47 |
|  system_i/processing_system7_0/inst/FCLK_CLK0 | system_i/ps7_0_axi_periph/s00_couplers/auto_pc/inst/gen_axilite.gen_b2s_conv.axilite_b2s/SI_REG/r_pipe/skid_buffer_reg[0]_0                                 |                                                                                                                                         |                8 |             47 |
|  system_i/processing_system7_0/inst/FCLK_CLK0 | system_i/ps7_0_axi_periph/s00_couplers/auto_pc/inst/gen_axilite.gen_b2s_conv.axilite_b2s/RD.ar_channel_0/ar_cmd_fsm_0/m_payload_i_reg[0]_1[0]               |                                                                                                                                         |               12 |             48 |
|  system_i/processing_system7_0/inst/FCLK_CLK0 | system_i/ps7_0_axi_periph/s00_couplers/auto_pc/inst/gen_axilite.gen_b2s_conv.axilite_b2s/WR.aw_channel_0/aw_cmd_fsm_0/m_payload_i_reg[0][0]                 |                                                                                                                                         |               10 |             48 |
|  system_i/processing_system7_0/inst/FCLK_CLK0 | system_i/ps7_0_axi_periph/s00_couplers/auto_pc/inst/gen_axilite.gen_b2s_conv.axilite_b2s/SI_REG/ar_pipe/s_axi_arready                                       |                                                                                                                                         |               15 |             48 |
|  system_i/processing_system7_0/inst/FCLK_CLK0 | system_i/ps7_0_axi_periph/s00_couplers/auto_pc/inst/gen_axilite.gen_b2s_conv.axilite_b2s/SI_REG/aw_pipe/s_axi_awready                                       |                                                                                                                                         |               10 |             48 |
|  system_i/processing_system7_0/inst/FCLK_CLK0 |                                                                                                                                                             | system_i/ps7_0_axi_periph/s00_couplers/auto_pc/inst/gen_axilite.gen_b2s_conv.axilite_b2s/areset_d1                                      |               13 |             56 |
|  system_i/processing_system7_0/inst/FCLK_CLK0 | system_i/GenerationGenerator_0/inst/GenerationGenerator_U/grp_GenerationGenerator_generateGeneration_fu_114/ap_CS_fsm_state3                                |                                                                                                                                         |               13 |             64 |
|  system_i/processing_system7_0/inst/FCLK_CLK0 | system_i/GenerationGenerator_0/inst/GenerationGenerator_U/grp_GenerationGenerator_generateGeneration_fu_114/ap_CS_fsm_reg[13]_0[0]                          |                                                                                                                                         |               11 |             64 |
|  system_i/processing_system7_0/inst/FCLK_CLK0 | system_i/GenerationGenerator_0/inst/GenerationGenerator_U/grp_GenerationGenerator_generateGeneration_fu_114/ap_CS_fsm_reg[13]_0[1]                          |                                                                                                                                         |               11 |             64 |
|  system_i/processing_system7_0/inst/FCLK_CLK0 | system_i/GenerationGenerator_0/inst/GenerationGenerator_U/grp_GenerationGenerator_generateGeneration_fu_114/ap_CS_fsm_state4                                |                                                                                                                                         |               10 |             64 |
|  system_i/processing_system7_0/inst/FCLK_CLK0 | system_i/GenerationGenerator_0/inst/GenerationGenerator_U/grp_GenerationGenerator_generateGeneration_fu_114/v_V_reg_228                                     |                                                                                                                                         |               26 |             88 |
|  system_i/processing_system7_0/inst/FCLK_CLK0 | system_i/GenerationGenerator_0/inst/GenerationGenerator_U/grp_GenerationGenerator_generateGeneration_fu_114/v_V_1_reg_261                                   |                                                                                                                                         |               26 |             88 |
|  system_i/processing_system7_0/inst/FCLK_CLK0 |                                                                                                                                                             |                                                                                                                                         |               59 |            172 |
+-----------------------------------------------+-------------------------------------------------------------------------------------------------------------------------------------------------------------+-----------------------------------------------------------------------------------------------------------------------------------------+------------------+----------------+


+--------+-----------------------+
| Fanout | Number of ControlSets |
+--------+-----------------------+
| 2      |                     1 |
| 4      |                    18 |
| 5      |                     1 |
| 6      |                     1 |
| 7      |                     5 |
| 8      |                     2 |
| 12     |                     5 |
| 13     |                     1 |
| 14     |                     2 |
| 15     |                     3 |
| 16+    |                    35 |
+--------+-----------------------+


